// Jest Snapshot v1, https://goo.gl/fbAQLP

exports[`[ConfirmEmail] Rendering renders without crashing 1`] = `
<View
  pointerEvents="box-none"
  style={
    Object {
      "flex": 1,
    }
  }
>
  <View
    collapsable={true}
    pointerEvents="box-none"
    style={
      Object {
        "flex": 1,
      }
    }
  >
    <View
      style={
        Array [
          Object {
            "alignItems": "center",
            "backgroundColor": "white",
            "flexBasis": 0,
            "flexDirection": "column",
            "flexGrow": 1,
            "flexShrink": 1,
            "justifyContent": "center",
          },
        ]
      }
    >
      <View
        style={
          Array [
            Object {
              "alignItems": "center",
              "flexDirection": "column",
              "justifyContent": "center",
              "width": 528,
            },
          ]
        }
      >
        <SvgMock
          fill="#1B1B21"
        />
        <Text
          style={
            Array [
              Object {
                "color": "#609FFF",
                "fontSize": 32,
                "fontStyle": "normal",
                "fontWeight": "bold",
                "lineHeight": 47,
                "marginBottom": 20,
                "marginTop": 40,
                "textAlign": "center",
              },
            ]
          }
        >
          Comleted send email
        </Text>
        <Text
          style={
            Array [
              Object {
                "color": "#1B1B21",
                "fontSize": 24,
                "fontStyle": "normal",
                "fontWeight": "normal",
                "lineHeight": 36,
                "marginBottom": 65,
                "textAlign": "center",
              },
            ]
          }
        >
          Please check verification email
        </Text>
        <View
          delayPressIn={30}
          testID="btn-submit"
        >
          <View
            style={
              Array [
                Object {
                  "alignItems": "center",
                  "alignSelf": "center",
                  "borderColor": "blue",
                  "flexDirection": "row",
                  "height": 52,
                  "justifyContent": "center",
                  "width": 320,
                },
                Object {
                  "alignItems": "center",
                  "backgroundColor": "#609FFF",
                  "borderRadius": 6,
                  "height": 48,
                  "width": 200,
                },
              ]
            }
          >
            <Text
              style={
                Array [
                  Object {
                    "color": "#069ccd",
                    "fontSize": 16,
                  },
                  Object {
                    "color": "white",
                    "fontSize": 14,
                    "fontWeight": "bold",
                    "letterSpacing": -0.5,
                    "lineHeight": 21,
                  },
                ]
              }
            >
              Login
            </Text>
          </View>
        </View>
      </View>
    </View>
  </View>
</View>
`;
