// Jest Snapshot v1, https://goo.gl/fbAQLP

exports[`[FindPassword] Rendering renders without crashing 1`] = `
<View
  pointerEvents="box-none"
  style={
    Object {
      "flex": 1,
    }
  }
>
  <View
    collapsable={true}
    pointerEvents="box-none"
    style={
      Object {
        "flex": 1,
      }
    }
  >
    <View
      style={
        Array [
          Object {
            "alignItems": "center",
            "backgroundColor": "white",
            "flexBasis": 0,
            "flexGrow": 1,
            "flexShrink": 1,
            "justifyContent": "center",
          },
        ]
      }
    >
      <View
        style={
          Array [
            Object {
              "width": 528,
            },
          ]
        }
      >
        <Text
          style={
            Array [
              Object {
                "color": "#1B1B21",
                "fontSize": 36,
                "fontStyle": "normal",
                "fontWeight": "bold",
                "lineHeight": 53,
                "marginBottom": 18,
                "textAlign": "center",
                "width": "100%",
              },
            ]
          }
        >
          Reset password
        </Text>
        <Text
          style={
            Array [
              Object {
                "alignItems": "center",
                "color": "#1B1B21",
                "fontSize": 24,
                "fontStyle": "normal",
                "fontWeight": "normal",
                "lineHeight": 36,
                "marginBottom": 59,
                "textAlign": "center",
              },
            ]
          }
        >
          Please enter an email address to issue a temporary password
        </Text>
        <View
          style={
            Array [
              Object {
                "alignSelf": "stretch",
                "display": "flex",
                "flexDirection": "column",
              },
              Object {
                "marginBottom": 65,
              },
            ]
          }
        >
          <Text
            style={
              Array [
                Object {
                  "color": "#b9b9c4",
                  "fontSize": 14,
                  "fontWeight": "500",
                  "marginBottom": 5,
                },
                Object {
                  "fontSize": 14,
                  "fontWeight": "bold",
                  "lineHeight": 21,
                },
                null,
              ]
            }
          >
            Email
          </Text>
          <TextInput
            allowFontScaling={true}
            autoCapitalize="none"
            multiline={false}
            placeholder="Email"
            rejectResponderTermination={true}
            style={
              Array [
                Object {
                  "fontSize": 15,
                  "fontWeight": "500",
                  "paddingBottom": 15,
                  "paddingTop": 15,
                },
                Object {
                  "alignItems": "center",
                  "color": "#1B1B21",
                  "fontSize": 16,
                  "lineHeight": 24,
                },
              ]
            }
            testID="input-email"
            underlineColorAndroid="transparent"
            value=""
          />
          <View
            style={
              Array [
                Object {
                  "alignItems": "center",
                  "flexDirection": "row",
                  "width": "100%",
                },
                undefined,
                Object {
                  "borderBottomWidth": 0.6,
                  "borderColor": "#eaeaf9",
                },
                null,
              ]
            }
          />
        </View>
        <View
          delayPressIn={30}
          testID="btn-submit"
        >
          <View
            style={
              Array [
                Object {
                  "alignItems": "center",
                  "alignSelf": "center",
                  "borderColor": "blue",
                  "flexDirection": "row",
                  "height": 52,
                  "justifyContent": "center",
                  "width": 320,
                },
                Object {
                  "alignItems": "center",
                  "backgroundColor": "#609FFF",
                  "borderRadius": 6,
                  "height": 48,
                  "width": "100%",
                },
              ]
            }
          >
            <Text
              style={
                Array [
                  Object {
                    "color": "#069ccd",
                    "fontSize": 16,
                  },
                  Object {
                    "color": "white",
                    "fontSize": 14,
                    "fontWeight": "bold",
                    "letterSpacing": -0.5,
                    "lineHeight": 21,
                  },
                ]
              }
            >
              Verify email
            </Text>
          </View>
        </View>
      </View>
    </View>
  </View>
</View>
`;
